{
  "version": "1.5.0",
  "plugins_used": [
    {"name": "AWSKeyDetector"},
    {"name": "ArtifactoryDetector"},
    {"name": "AzureStorageKeyDetector"},
    {"name": "Base64HighEntropyString", "limit": 4.5},
    {"name": "BasicAuthDetector"},
    {"name": "CloudantDetector"},
    {"name": "GheKeyDetector"},
    {"name": "GitHubTokenDetector"},
    {"name": "GitLabTokenDetector"},
    {"name": "HexHighEntropyString", "limit": 3.0},
    {"name": "IbmCloudIamDetector"},
    {"name": "IbmCosHmacDetector"},
    {"name": "JwtDetector"},
    {"name": "KeywordDetector"},
    {"name": "MailchimpDetector"},
    {"name": "NpmTokensDetector"},
    {"name": "PrivateKeyDetector"},
    {"name": "PypiTokenDetector"},
    {"name": "SendGridDetector"},
    {"name": "SlackDetector"},
    {"name": "SoftlayerTokenDetector"},
    {"name": "SquareOAuthDetector"},
    {"name": "StripeDetector"},
    {"name": "TwilioApiKeyDetector"}
  ],
  "filters_used": [
    {
      "path": "detect_secrets.filters.heuristic.is_ignored_word",
      "path": "detect_secrets.filters.heuristic.is_potential_uuid",
      "path": "detect_secrets.filters.heuristic.is_secret_file_type"
    }
  ],
  "results": {},
  "version_used": "1.5.0",
  "include_only_files": null,
  "exclude": {
    "files": [
      "^tests/",
      "^forgemind-ui/",
      "^\\.venv/",
      "^venv/",
      "^\\.git/",
      "^\\.mypy_cache/",
      "^\\.pytest_cache/",
      "cassettes/",
      "recordings/",
      "website/"
    ]
  }
}
